
> api@0.0.1 test /Users/apple/engineering/nexiom/apps/api
> jest

PASS src/modules/tenants/tenant.schema.spec.ts
FAIL src/modules/auth/auth.schema.spec.ts
  ● Auth Schema › Table Exports › should export user table

    expect(received).toBeDefined()

    Received: undefined

      4 |   describe('Table Exports', () => {
      5 |     it('should export user table', () => {
    > 6 |       expect(schema.user).toBeDefined();
        |                           ^
      7 |       expect(typeof schema.user).toBe('object');
      8 |     });
      9 |

      at Object.<anonymous> (modules/auth/auth.schema.spec.ts:6:27)

  ● Auth Schema › Type Exports › should have User type available

    expect(received).toBeDefined()

    Received: undefined

      27 |     it('should have User type available', () => {
      28 |       // Types can't be tested at runtime, but we verify the table exists
    > 29 |       expect(schema.user).toBeDefined();
         |                           ^
      30 |     });
      31 |
      32 |     it('should have Session type available', () => {

      at Object.<anonymous> (modules/auth/auth.schema.spec.ts:29:27)

PASS src/db/schema.spec.ts
PASS src/modules/tenants/tenants.validation.spec.ts
PASS src/app.controller.spec.ts
PASS src/modules/users/users.validation.spec.ts
PASS src/modules/email/console-email.service.spec.ts
PASS src/modules/auth/auth.guard.spec.ts
PASS src/modules/email/nodemailer.service.spec.ts
PASS src/modules/auth/providers/better-auth/better-auth.provider.spec.ts
FAIL src/modules/tenants/tenants.service.spec.ts
  ● TenantsService › provisionTenantForUser › should provision a tenant with generated name

    TypeError: Cannot read properties of undefined (reading 'user')

      73 |   ): Promise<typeof schema.organization.$inferSelect> {
      74 |     // 1. Fetch User to get name/email for auto-naming (optional, but good UX)
    > 75 |     const user = await this.db.query.user.findFirst({
         |                                      ^
      76 |       where: eq(schema.user.id, userId),
      77 |     });
      78 |

      at TenantsService.provisionTenantForUser (modules/tenants/tenants.service.ts:75:38)
      at Object.<anonymous> (modules/tenants/tenants.service.spec.ts:144:36)

PASS src/modules/users/users.service.spec.ts
PASS src/modules/users/users.controller.spec.ts
  ● Console

    console.log
      [UsersController] Listing users for Tenant: undefined

      at UsersController.findAll (modules/users/users.controller.ts:48:13)

    console.log
      [UsersController] Listing users for Tenant: org-123

      at UsersController.findAll (modules/users/users.controller.ts:48:13)

PASS src/modules/tenants/tenants.controller.spec.ts
PASS src/modules/auth/auth.controller.spec.ts
  ● Console

    console.log
      [ProvisionTenant] Headers Auth: undefined

      at AuthController.provisionTenant (modules/auth/auth.controller.ts:69:13)

    console.log
      [ProvisionTenant] Cookie Token: valid-token-123

      at AuthController.provisionTenant (modules/auth/auth.controller.ts:72:13)

    console.log
      [ProvisionTenant] Using Token: valid-token-123

      at AuthController.provisionTenant (modules/auth/auth.controller.ts:75:13)

    console.log
      [ProvisionTenant] Session Valid? true

      at AuthController.provisionTenant (modules/auth/auth.controller.ts:79:13)


Test Suites: 2 failed, 13 passed, 15 total
Tests:       3 failed, 82 passed, 85 total
Snapshots:   0 total
Time:        2.927 s
Ran all test suites.
/Users/apple/engineering/nexiom/apps/api:
 ERR_PNPM_RECURSIVE_RUN_FIRST_FAIL  api@0.0.1 test: `jest`
Exit status 1
